Incompatible backlink type

in: asset:pkg/test/error_test_data/backlink_illegal_symbol.dart:11:8
   ╷
8  │ @RealmModel()
9  │ class _Target {
   │       ━━━━━━━ in realm model for 'Target'
10 │   @Backlink(#notALink)
11 │   late Iterable<_NotASource> backlinks;
   │        ^^^^^^^^^^^^^^^^^^^^^ _NotASource.notALink is not a '_Target?' or 'List<_Target>'
   ╵