Don't use RealmIndexType.none for @Indexed annotations

in: asset:pkg/test/error_test_data/indexed_none.dart:6:8
  ╷
3 │ @RealmModel()
4 │ class _Foo {
  │       ━━━━ in realm model for 'Foo'
5 │   @Indexed(RealmIndexType.none)
6 │   late int value;
  │        ^^^ @Indexed(RealmIndexType.none) is not valid annotation here
  ╵
Remove the @Indexed annotation or change the index type to a value other than none

