Invalid class name

in: asset:pkg/test/error_test_data/invalid_model_name_mapping.dart:7:8
   ╷
6  │ @RealmModel()
7  │ @MapTo(one) // <- invalid
   │        ^^^ which evaluates to '1' is not a valid class name
8  │ // prefix is not important, as we explicitly define name with @MapTo,
9  │ // but obviously 1 is not a valid class name
10 │ class Bad {}
   │       ━━━ when generating realm object class for 'Bad'
   ╵
We need a valid identifier

