Not a realm type

in: asset:pkg/test/error_test_data/list_of_list_not_supported.dart:8:21
    ╷
5   │   @RealmModel()
6   │   class _Bad {
    │         ━━━━ in realm model for 'Bad'
... │
8   │     var listOfLists = [
    │ ┌─────────────────────^
9   │ │     [0],
10  │ │     [1]
11  │ │   ];
    │ └───^ List<List<int>> is not a realm model type
    ╵
Remove the invalid field or add an @Ignored annotation on 'listOfLists'.

