Not a realm type

in: asset:pkg/test/error_test_data/map_unsupported.dart:7:8
  ╷
5 │ @RealmModel()
6 │ class _Person {
  │       ━━━━━━━ in realm model for 'Person'
7 │   late Map<int, _Person> relatives;
  │        ^^^^^^^^^^^^^^^^^ Map<int, _Person> is not a realm model type
  ╵
Remove the invalid field or add an @Ignored annotation on 'relatives'.

