Realm only support indexes on fields of type
int, int?, bool, bool?, String, String?, DateTime, DateTime?, ObjectId, ObjectId?, Uuid, Uuid?

in: asset:pkg/test/error_test_data/not_an_indexable_type.dart:8:8
  ╷
5 │ @RealmModel()
6 │ class _Bad {
  │       ━━━━ in realm model for 'Bad'
7 │   @Indexed()
8 │   late double notAnIndexableType;
  │        ^^^^^^ double is not an indexable type
  ╵
Change the type of 'notAnIndexableType', or remove the @Indexed() annotation

