Set<_Bad> is not supported

in: asset:pkg/test/error_test_data/unsupported_realm_type_set.dart:10:8
    ╷
5   │ @RealmModel()
6   │ class _Bad {
    │       ━━━━ in realm model for 'Bad'
... │
10  │   late Set<_Bad> wrong1;
    │        ^^^^^^^^^ Set element type is not supported
    ╵
Ensure set element type _Bad is a type supported by RealmSet

