Not a realm type

in: asset:pkg/test/error_test_data/unsupported_non_realm_type_set.dart:10:8
    ,
5   | @RealmModel()
6   | class _Bad {
    |       ==== in realm model for 'Bad'
... |
10  |   late Set<RealmStateError> wrong;
    |        ^^^^^^^^^^^^^^^^^^^^ Set<RealmStateError> is not a realm model type
    '
Remove the invalid field or add an @Ignored annotation on 'wrong'.

