Nullable realm objects are not allowed in sets

in: asset:pkg/test/error_test_data/unsupported_realm_set_of_nullable_realmobject.dart:10:8
    ╷
5   │ @RealmModel()
6   │ class _Bad {
    │       ━━━━ in realm model for 'Bad'
... │
10  │   late Set<_Bad?> wrong1;
    │        ^^^^^^^^^^ which has a nullable realm object element type
    ╵
Ensure element type is non-nullable

