Default values for set are not supported

in: asset:pkg/test/error_test_data/unsupported_realm_set_with_default_values.dart:10:27
    ╷
5   │ @RealmModel()
6   │ class _Bad {
    │       ━━━━ in realm model for 'Bad'
... │
10  │   late Set<bool> wrong1 = {true, false};
    │                           ^^^^^^^^^^^^^ Remove the default value
    ╵
Remove the default value for field wrong1

