Non-empty default values for lists are not supported.

in: asset:pkg/test/error_test_data/list_non_empty_initializer.dart:8:31
    ╷
5   │ @RealmModel()
6   │ class _Bad {
    │       ━━━━ in realm model for 'Bad'
... │
8   │   final listWithInitializer = [0];
    │                               ^^^ Remove the default value.
    ╵
Remove the default value for field listWithInitializer or change it to be an empty collection.

