Set<RealmValue?> is not supported

in: asset:pkg/test/error_test_data/unsupported_realm_set_of_nullable_realmvalue.dart:10:8
    ╷
5   │ @RealmModel()
6   │ class _Bad {
    │       ━━━━ in realm model for 'Bad'
... │
10  │   late Set<RealmValue?> wrong1;
    │        ^^^^^^^^^^^^^^^^ Nullable RealmValues are not supported
    ╵
Ensure the RealmValue type argument is non-nullable. RealmValue can hold null, but must not be nullable itself.

