// **************************************************************************
// RealmObjectGenerator
// **************************************************************************

class Foo extends _Foo 
  with RealmEntityMixin, RealmObjectMixin<Foo>
  implements RealmObject<Foo> {
  Foo({
    int x = 0,
  }) {
    _xProperty.setInitialValue(this, x);
  }

  Foo._();

  static const _xProperty = ValueProperty<int>(
    'x',
    RealmPropertyType.int,
    defaultValue: 0,
  );
  @override
  int get x => _xProperty.getValue(this);
  @override
  set x(int value) => _xProperty.setValue(this, value);

  static const schema = SchemaObject<Foo>(
    Foo._,
    'Foo',
    {
      'x': _xProperty,
    },
  );
  @override
  SchemaObject get instanceSchema => schema;
}
