// **************************************************************************
// RealmObjectGenerator
// **************************************************************************

// ignore_for_file: type=lint
class Foo extends _Foo with RealmEntity, RealmObjectBase, RealmObject {
  static var _defaultsSet = false;

  Foo({
    int x = 0,
  }) {
    if (!_defaultsSet) {
      _defaultsSet = RealmObjectBase.setDefaults<Foo>({
        'x': 0,
      });
    }
    RealmObjectBase.set(this, 'x', x);
  }

  Foo._();

  @override
  int get x => RealmObjectBase.get<int>(this, 'x') as int;
  @override
  set x(int value) => RealmObjectBase.set(this, 'x', value);

  @override
  Stream<RealmObjectChanges<Foo>> get changes =>
      RealmObjectBase.getChanges<Foo>(this);

  @override
  Foo freeze() => RealmObjectBase.freezeObject<Foo>(this);

  static SchemaObject get schema => _schema ??= _initSchema();
  static SchemaObject? _schema;
  static SchemaObject _initSchema() {
    RealmObjectBase.registerFactory(Foo._);
    return const SchemaObject(ObjectType.realmObject, Foo, 'Foo', [
      SchemaProperty('x', RealmPropertyType.int),
    ]);
  }
}

