// **************************************************************************
// RealmObjectGenerator
// **************************************************************************

class Person extends _Person
    with RealmEntityMixin, RealmObjectBaseMixin, RealmObjectMixin {
  Person(
    String name,
  ) {
    _nameProperty.setValue(this, name);
  }

  Person._();

  static const _nameProperty = ValueProperty<String>(
    'name',
    RealmPropertyType.string,
    primaryKey: true,
  );
  @override
  String get name => _nameProperty.getValue(this);
  @override
  set name(String value) => throw RealmUnsupportedSetError();

  @override
  Stream<RealmObjectChanges<Person>> get changes =>
      RealmObjectBaseMixin.getChanges(this);

  static const schema = SchemaObject<Person>(
    ObjectType.topLevel,
    Person._,
    'Person',
    {
      'name': _nameProperty,
    },
    _nameProperty,
  );
  @override
  SchemaObject get instanceSchema => schema;
}
